
Memory Configuration

Name             Origin             Length             Attributes
flash            0x0000000008000000 0x0000000000020000 xr
sram             0x0000000020000000 0x0000000000005000 xrw
*default*        0x0000000000000000 0xffffffffffffffff

Linker script and memory map


.text           0x0000000008000000       0xce
 *(.vectors*)
 .vectors       0x0000000008000000       0x50 startup.o
 *(.text*)
 .text          0x0000000008000050       0x78 main.o
                0x0000000008000050                main
 .text          0x00000000080000c8        0x6 startup.o
 *(.rodata*)
                0x00000000080000ce                _E_text = .

.glue_7         0x00000000080000d0        0x0
 .glue_7        0x00000000080000d0        0x0 linker stubs

.glue_7t        0x00000000080000d0        0x0
 .glue_7t       0x00000000080000d0        0x0 linker stubs

.vfp11_veneer   0x00000000080000d0        0x0
 .vfp11_veneer  0x00000000080000d0        0x0 linker stubs

.v4_bx          0x00000000080000d0        0x0
 .v4_bx         0x00000000080000d0        0x0 linker stubs

.iplt           0x00000000080000d0        0x0
 .iplt          0x00000000080000d0        0x0 main.o

.rel.dyn        0x00000000080000d0        0x0
 .rel.iplt      0x00000000080000d0        0x0 main.o

.data           0x0000000020000000        0x4 load address 0x00000000080000ce
                0x0000000020000000                _S_DATA = .
 *(.data)
 .data          0x0000000020000000        0x4 main.o
                0x0000000020000000                R_ODR
 .data          0x0000000020000004        0x0 startup.o
                0x0000000020000004                _E_DATA = .

.igot.plt       0x0000000020000004        0x0 load address 0x00000000080000d2
 .igot.plt      0x0000000020000004        0x0 main.o

.bss            0x0000000020000004        0x0 load address 0x00000000080000d2
                0x0000000020000004                _S_bss = .
 *(.bss)
 .bss           0x0000000020000004        0x0 main.o
 .bss           0x0000000020000004        0x0 startup.o
                0x0000000020000004                _E_bss = .
LOAD main.o
LOAD startup.o
OUTPUT(learn_in_depth_cortex_m3.elf elf32-littlearm)

.debug_info     0x0000000000000000      0x97e
 .debug_info    0x0000000000000000      0x958 main.o
 .debug_info    0x0000000000000958       0x26 startup.o

.debug_abbrev   0x0000000000000000      0x209
 .debug_abbrev  0x0000000000000000      0x1f5 main.o
 .debug_abbrev  0x00000000000001f5       0x14 startup.o

.debug_aranges  0x0000000000000000       0x40
 .debug_aranges
                0x0000000000000000       0x20 main.o
 .debug_aranges
                0x0000000000000020       0x20 startup.o

.debug_line     0x0000000000000000      0x244
 .debug_line    0x0000000000000000      0x209 main.o
 .debug_line    0x0000000000000209       0x3b startup.o

.debug_str      0x0000000000000000      0x4f3
 .debug_str     0x0000000000000000      0x4db main.o
                                        0x533 (size before relaxing)
 .debug_str     0x00000000000004db       0x18 startup.o
                                         0x39 (size before relaxing)

.comment        0x0000000000000000       0x7b
 .comment       0x0000000000000000       0x7b main.o
                                         0x7c (size before relaxing)

.ARM.attributes
                0x0000000000000000       0x31
 .ARM.attributes
                0x0000000000000000       0x33 main.o
 .ARM.attributes
                0x0000000000000033       0x21 startup.o

.debug_frame    0x0000000000000000       0x2c
 .debug_frame   0x0000000000000000       0x2c main.o
