
Memory Configuration

Name             Origin             Length             Attributes
flash            0x0000000008000000 0x0000000000020000 xr
sram             0x0000000020000000 0x0000000000005000 xrw
*default*        0x0000000000000000 0xffffffffffffffff

Linker script and memory map


.text           0x0000000008000000       0xac
 *(.vectors*)
 .vectors       0x0000000008000000       0x1c startup.o
                0x0000000008000000                vector
 *(.text*)
 .text          0x000000000800001c       0x18 startup.o
                0x000000000800001c                Reset_Handler
                0x0000000008000028                MM_fault_Handler
                0x0000000008000028                Usage_fault_Handler
                0x0000000008000028                Bus_fault_Handler
                0x0000000008000028                Default_Handler
                0x0000000008000028                H_fault_Handler
                0x0000000008000028                NMI_Handler
 .text          0x0000000008000034       0x78 main.o
                0x0000000008000034                main
 *(.rodata*)
                0x00000000080000ac                _E_text = .

.glue_7         0x00000000080000ac        0x0
 .glue_7        0x00000000080000ac        0x0 linker stubs

.glue_7t        0x00000000080000ac        0x0
 .glue_7t       0x00000000080000ac        0x0 linker stubs

.vfp11_veneer   0x00000000080000ac        0x0
 .vfp11_veneer  0x00000000080000ac        0x0 linker stubs

.v4_bx          0x00000000080000ac        0x0
 .v4_bx         0x00000000080000ac        0x0 linker stubs

.iplt           0x00000000080000ac        0x0
 .iplt          0x00000000080000ac        0x0 startup.o

.rel.dyn        0x00000000080000ac        0x0
 .rel.iplt      0x00000000080000ac        0x0 startup.o

.data           0x0000000020000000        0x4 load address 0x00000000080000ac
                0x0000000020000000                _S_DATA = .
 *(.data)
 .data          0x0000000020000000        0x0 startup.o
 .data          0x0000000020000000        0x4 main.o
                0x0000000020000000                R_ODR
                0x0000000020000004                _E_DATA = .

.igot.plt       0x0000000020000004        0x0 load address 0x00000000080000b0
 .igot.plt      0x0000000020000004        0x0 startup.o

.bss            0x0000000020000004        0x0 load address 0x00000000080000b0
                0x0000000020000004                _S_bss = .
 *(.bss)
 .bss           0x0000000020000004        0x0 startup.o
 .bss           0x0000000020000004        0x0 main.o
                0x0000000020000004                _E_bss = .
LOAD startup.o
LOAD main.o
OUTPUT(learn_in_depth_cortex_m3.elf elf32-littlearm)

.debug_info     0x0000000000000000      0xa1d
 .debug_info    0x0000000000000000       0xc5 startup.o
 .debug_info    0x00000000000000c5      0x958 main.o

.debug_abbrev   0x0000000000000000      0x265
 .debug_abbrev  0x0000000000000000       0x70 startup.o
 .debug_abbrev  0x0000000000000070      0x1f5 main.o

.debug_aranges  0x0000000000000000       0x40
 .debug_aranges
                0x0000000000000000       0x20 startup.o
 .debug_aranges
                0x0000000000000020       0x20 main.o

.debug_line     0x0000000000000000      0x3d2
 .debug_line    0x0000000000000000      0x1c9 startup.o
 .debug_line    0x00000000000001c9      0x209 main.o

.debug_str      0x0000000000000000      0x51b
 .debug_str     0x0000000000000000      0x115 startup.o
                                        0x152 (size before relaxing)
 .debug_str     0x0000000000000115      0x406 main.o
                                        0x539 (size before relaxing)

.comment        0x0000000000000000       0x7b
 .comment       0x0000000000000000       0x7b startup.o
                                         0x7c (size before relaxing)
 .comment       0x000000000000007b       0x7c main.o

.ARM.attributes
                0x0000000000000000       0x33
 .ARM.attributes
                0x0000000000000000       0x33 startup.o
 .ARM.attributes
                0x0000000000000033       0x33 main.o

.debug_frame    0x0000000000000000       0x74
 .debug_frame   0x0000000000000000       0x48 startup.o
 .debug_frame   0x0000000000000048       0x2c main.o
