
Memory Configuration

Name             Origin             Length             Attributes
flash            0x0000000008000000 0x0000000000020000 xr
sram             0x0000000020000000 0x0000000000005000 xrw
*default*        0x0000000000000000 0xffffffffffffffff

Linker script and memory map


.text           0x0000000008000000      0x124
 *(.vectors*)
 .vectors       0x0000000008000000       0x1c startup.o
                0x0000000008000000                vector
 *(.text*)
 .text          0x000000000800001c       0x90 startup.o
                0x000000000800001c                Reset_Handler
                0x00000000080000a0                MM_fault_Handler
                0x00000000080000a0                Usage_fault_Handler
                0x00000000080000a0                Bus_fault_Handler
                0x00000000080000a0                Default_Handler
                0x00000000080000a0                H_fault_Handler
                0x00000000080000a0                NMI_Handler
 .text          0x00000000080000ac       0x78 main.o
                0x00000000080000ac                main
 *(.rodata*)
                0x0000000008000124                _E_text = .

.glue_7         0x0000000008000124        0x0
 .glue_7        0x0000000008000124        0x0 linker stubs

.glue_7t        0x0000000008000124        0x0
 .glue_7t       0x0000000008000124        0x0 linker stubs

.vfp11_veneer   0x0000000008000124        0x0
 .vfp11_veneer  0x0000000008000124        0x0 linker stubs

.v4_bx          0x0000000008000124        0x0
 .v4_bx         0x0000000008000124        0x0 linker stubs

.iplt           0x0000000008000124        0x0
 .iplt          0x0000000008000124        0x0 startup.o

.rel.dyn        0x0000000008000124        0x0
 .rel.iplt      0x0000000008000124        0x0 startup.o

.data           0x0000000020000000        0x4 load address 0x0000000008000124
                0x0000000020000000                _S_DATA = .
 *(.data)
 .data          0x0000000020000000        0x0 startup.o
 .data          0x0000000020000000        0x4 main.o
                0x0000000020000000                R_ODR
                0x0000000020000004                _E_DATA = .

.igot.plt       0x0000000020000004        0x0 load address 0x0000000008000128
 .igot.plt      0x0000000020000004        0x0 startup.o

.bss            0x0000000020000004     0x1000 load address 0x0000000008000128
                0x0000000020000004                _S_bss = .
 *(.bss)
 .bss           0x0000000020000004        0x0 startup.o
 .bss           0x0000000020000004        0x0 main.o
                0x0000000020000004                _E_bss = .
                0x0000000020000004                . = ALIGN (0x4)
                0x0000000020001004                . = (. + 0x1000)
 *fill*         0x0000000020000004     0x1000 
                0x0000000020001004                _stack_top = .
LOAD startup.o
LOAD main.o
OUTPUT(learn_in_depth_cortex_m3.elf elf32-littlearm)

.debug_info     0x0000000000000000      0xae8
 .debug_info    0x0000000000000000      0x190 startup.o
 .debug_info    0x0000000000000190      0x958 main.o

.debug_abbrev   0x0000000000000000      0x2c9
 .debug_abbrev  0x0000000000000000       0xd4 startup.o
 .debug_abbrev  0x00000000000000d4      0x1f5 main.o

.debug_aranges  0x0000000000000000       0x40
 .debug_aranges
                0x0000000000000000       0x20 startup.o
 .debug_aranges
                0x0000000000000020       0x20 main.o

.debug_line     0x0000000000000000      0x3fb
 .debug_line    0x0000000000000000      0x1f2 startup.o
 .debug_line    0x00000000000001f2      0x209 main.o

.debug_str      0x0000000000000000      0x56f
 .debug_str     0x0000000000000000      0x16f startup.o
                                        0x1b4 (size before relaxing)
 .debug_str     0x000000000000016f      0x400 main.o
                                        0x539 (size before relaxing)

.comment        0x0000000000000000       0x7b
 .comment       0x0000000000000000       0x7b startup.o
                                         0x7c (size before relaxing)
 .comment       0x000000000000007b       0x7c main.o

.ARM.attributes
                0x0000000000000000       0x33
 .ARM.attributes
                0x0000000000000000       0x33 startup.o
 .ARM.attributes
                0x0000000000000033       0x33 main.o

.debug_frame    0x0000000000000000       0x7c
 .debug_frame   0x0000000000000000       0x50 startup.o
 .debug_frame   0x0000000000000050       0x2c main.o
